<?xml version="1.0" encoding="UTF-8"?>
<TestRun id="1f71109a-ac9c-49bc-b3da-3c0daf1bfad2" name="Administrator@WIN7 2013-02-01 08:43:06" runUser="WIN7\Administrator" xmlns="http://microsoft.com/schemas/VisualStudio/TeamTest/2010">
  <TestSettings name="Local" id="7ce0feac-6923-4b57-94a3-c53c24193020">
    <Description>These are default test settings for a local test run.</Description>
    <Deployment enabled="false" runDeploymentRoot="Administrator_WIN7 2013-02-01 08_43_06">
      <DeploymentItem filename="C:\Users\Administrator.WIN7\Documents\Microsoft Visual Studio Async CTP\Samples\AsyncCtpLibrary_Phone.dll" />
    </Deployment>
    <Execution>
      <TestTypeSpecific />
      <AgentRule name="Execution Agents">
      </AgentRule>
    </Execution>
  </TestSettings>
  <Times creation="2013-02-01T08:43:06.2937485-08:00" queuing="2013-02-01T08:43:07.9277525-08:00" start="2013-02-01T08:43:08.1298997-08:00" finish="2013-02-01T08:43:09.7470773-08:00" />
  <ResultSummary outcome="Error">
    <Counters total="1" executed="1" passed="1" error="0" failed="0" timeout="0" aborted="0" inconclusive="0" passedButRunAborted="0" notRunnable="0" notExecuted="0" disconnected="0" warning="0" completed="0" inProgress="0" pending="0" />
    <RunInfos>
      <RunInfo computerName="WIN7" outcome="Error" timestamp="2013-02-01T08:43:09.5786213-08:00">
        <Text>One of the background threads threw exception: 
System.IO.FileNotFoundException: Could not load file or assembly 'System.Windows, Version=2.0.5.0, Culture=neutral, PublicKeyToken=7cec85d7bea7798e' or one of its dependencies. The system cannot find the file specified.
File name: 'System.Windows, Version=2.0.5.0, Culture=neutral, PublicKeyToken=7cec85d7bea7798e'
   at System.Runtime.CompilerServices.AsyncVoidMethodBuilder.&lt;SetException&gt;b__3(Object state)
   at System.Threading.QueueUserWorkItemCallback.WaitCallback_Context(Object state)
   at System.Threading.ExecutionContext.runTryCode(Object userData)
   at System.Runtime.CompilerServices.RuntimeHelpers.ExecuteCodeWithGuaranteedCleanup(TryCode code, CleanupCode backoutCode, Object userData)
   at System.Threading.ExecutionContext.RunInternal(ExecutionContext executionContext, ContextCallback callback, Object state)
   at System.Threading.ExecutionContext.Run(ExecutionContext executionContext, ContextCallback callback, Object state, Boolean ignoreSyncCtx)
   at System.Threading.QueueUserWorkItemCallback.System.Threading.IThreadPoolWorkItem.ExecuteWorkItem()
   at System.Threading.ThreadPoolWorkQueue.Dispatch()
   at System.Threading._ThreadPoolWaitCallback.PerformWaitCallback()

=== Pre-bind state information ===
LOG: User = WIN7\Administrator
LOG: DisplayName = System.Windows, Version=2.0.5.0, Culture=neutral, PublicKeyToken=7cec85d7bea7798e
 (Fully-specified)
LOG: Appbase = file:///C:/Users/Administrator.WIN7/Documents/Visual Studio 2010/Projects/AppFogWP7/UnitTests/bin/Debug
LOG: Initial PrivatePath = NULL
Calling assembly : Newtonsoft.Json, Version=4.5.0.0, Culture=neutral, PublicKeyToken=30ad4fe6b2a6aeed.
===
LOG: This bind starts in default load context.
LOG: Using application configuration file: C:\Program Files\Microsoft Visual Studio 10.0\Common7\IDE\QTAgent32.exe.Config
LOG: Using host configuration file: 
LOG: Using machine configuration file from C:\Windows\Microsoft.NET\Framework\v4.0.30319\config\machine.config.
LOG: Post-policy reference: System.Windows, Version=2.0.5.0, Culture=neutral, PublicKeyToken=7cec85d7bea7798e
LOG: Attempting download of new URL file:///C:/Users/Administrator.WIN7/Documents/Visual Studio 2010/Projects/AppFogWP7/UnitTests/bin/Debug/System.Windows.DLL.
LOG: Attempting download of new URL file:///C:/Users/Administrator.WIN7/Documents/Visual Studio 2010/Projects/AppFogWP7/UnitTests/bin/Debug/System.Windows/System.Windows.DLL.
LOG: Attempting download of new URL file:///C:/Users/Administrator.WIN7/Documents/Visual Studio 2010/Projects/AppFogWP7/UnitTests/bin/Debug/PrivateAssemblies/System.Windows.DLL.
LOG: Attempting download of new URL file:///C:/Users/Administrator.WIN7/Documents/Visual Studio 2010/Projects/AppFogWP7/UnitTests/bin/Debug/PrivateAssemblies/System.Windows/System.Windows.DLL.
LOG: Attempting download of new URL file:///C:/Users/Administrator.WIN7/Documents/Visual Studio 2010/Projects/AppFogWP7/UnitTests/bin/Debug/PublicAssemblies/System.Windows.DLL.
LOG: Attempting download of new URL file:///C:/Users/Administrator.WIN7/Documents/Visual Studio 2010/Projects/AppFogWP7/UnitTests/bin/Debug/PublicAssemblies/System.Windows/System.Windows.DLL.
LOG: Attempting download of new URL file:///C:/Users/Administrator.WIN7/Documents/Visual Studio 2010/Projects/AppFogWP7/UnitTests/bin/Debug/DataCollectors/System.Windows.DLL.
LOG: Attempting download of new URL file:///C:/Users/Administrator.WIN7/Documents/Visual Studio 2010/Projects/AppFogWP7/UnitTests/bin/Debug/DataCollectors/System.Windows/System.Windows.DLL.
LOG: Attempting download of new URL file:///C:/Users/Administrator.WIN7/Documents/Visual Studio 2010/Projects/AppFogWP7/UnitTests/bin/Debug/DataCollectors/x86/System.Windows.DLL.
LOG: Attempting download of new URL file:///C:/Users/Administrator.WIN7/Documents/Visual Studio 2010/Projects/AppFogWP7/UnitTests/bin/Debug/DataCollectors/x86/System.Windows/System.Windows.DLL.
LOG: Attempting download of new URL file:///C:/Users/Administrator.WIN7/Documents/Visual Studio 2010/Projects/AppFogWP7/UnitTests/bin/Debug/PrivateAssemblies/DataCollectors/System.Windows.DLL.
LOG: Attempting download of new URL file:///C:/Users/Administrator.WIN7/Documents/Visual Studio 2010/Projects/AppFogWP7/UnitTests/bin/Debug/PrivateAssemblies/DataCollectors/System.Windows/System.Windows.DLL.
LOG: Attempting download of new URL file:///C:/Users/Administrator.WIN7/Documents/Visual Studio 2010/Projects/AppFogWP7/UnitTests/bin/Debug/PrivateAssemblies/DataCollectors/x86/System.Windows.DLL.
LOG: Attempting download of new URL file:///C:/Users/Administrator.WIN7/Documents/Visual Studio 2010/Projects/AppFogWP7/UnitTests/bin/Debug/PrivateAssemblies/DataCollectors/x86/System.Windows/System.Windows.DLL.
LOG: Attempting download of new URL file:///C:/Users/Administrator.WIN7/Documents/Visual Studio 2010/Projects/AppFogWP7/UnitTests/bin/Debug/System.Windows.EXE.
LOG: Attempting download of new URL file:///C:/Users/Administrator.WIN7/Documents/Visual Studio 2010/Projects/AppFogWP7/UnitTests/bin/Debug/System.Windows/System.Windows.EXE.
LOG: Attempting download of new URL file:///C:/Users/Administrator.WIN7/Documents/Visual Studio 2010/Projects/AppFogWP7/UnitTests/bin/Debug/PrivateAssemblies/System.Windows.EXE.
LOG: Attempting download of new URL file:///C:/Users/Administrator.WIN7/Documents/Visual Studio 2010/Projects/AppFogWP7/UnitTests/bin/Debug/PrivateAssemblies/System.Windows/System.Windows.EXE.
LOG: Attempting download of new URL file:///C:/Users/Administrator.WIN7/Documents/Visual Studio 2010/Projects/AppFogWP7/UnitTests/bin/Debug/PublicAssemblies/System.Windows.EXE.
LOG: Attempting download of new URL file:///C:/Users/Administrator.WIN7/Documents/Visual Studio 2010/Projects/AppFogWP7/UnitTests/bin/Debug/PublicAssemblies/System.Windows/System.Windows.EXE.
LOG: Attempting download of new URL file:///C:/Users/Administrator.WIN7/Documents/Visual Studio 2010/Projects/AppFogWP7/UnitTests/bin/Debug/DataCollectors/System.Windows.EXE.
LOG: Attempting download of new URL file:///C:/Users/Administrator.WIN7/Documents/Visual Studio 2010/Projects/AppFogWP7/UnitTests/bin/Debug/DataCollectors/System.Windows/System.Windows.EXE.
LOG: Attempting download of new URL file:///C:/Users/Administrator.WIN7/Documents/Visual Studio 2010/Projects/AppFogWP7/UnitTests/bin/Debug/DataCollectors/x86/System.Windows.EXE.
LOG: Attempting download of new URL file:///C:/Users/Administrator.WIN7/Documents/Visual Studio 2010/Projects/AppFogWP7/UnitTests/bin/Debug/DataCollectors/x86/System.Windows/System.Windows.EXE.
LOG: Attempting download of new URL file:///C:/Users/Administrator.WIN7/Documents/Visual Studio 2010/Projects/AppFogWP7/UnitTests/bin/Debug/PrivateAssemblies/DataCollectors/System.Windows.EXE.
LOG: Attempting download of new URL file:///C:/Users/Administrator.WIN7/Documents/Visual Studio 2010/Projects/AppFogWP7/UnitTests/bin/Debug/PrivateAssemblies/DataCollectors/System.Windows/System.Windows.EXE.
LOG: Attempting download of new URL file:///C:/Users/Administrator.WIN7/Documents/Visual Studio 2010/Projects/AppFogWP7/UnitTests/bin/Debug/PrivateAssemblies/DataCollectors/x86/System.Windows.EXE.
LOG: Attempting download of new URL file:///C:/Users/Administrator.WIN7/Documents/Visual Studio 2010/Projects/AppFogWP7/UnitTests/bin/Debug/PrivateAssemblies/DataCollectors/x86/System.Windows/System.Windows.EXE.
</Text>
      </RunInfo>
    </RunInfos>
  </ResultSummary>
  <TestDefinitions>
    <UnitTest name="RetrievesCorrectData" storage="c:\users\administrator.win7\documents\visual studio 2010\projects\appfogwp7\unittests\bin\debug\unittests.dll" id="1d8b0978-c318-ebe0-63bf-61f97e4cb41d">
      <Execution id="98901418-adda-45da-9847-b859ad74d2e3" />
      <TestMethod codeBase="C:/Users/Administrator.WIN7/Documents/Visual Studio 2010/Projects/AppFogWP7/UnitTests/bin/Debug/UnitTests.DLL" adapterTypeName="Microsoft.VisualStudio.TestTools.TestTypes.Unit.UnitTestAdapter, Microsoft.VisualStudio.QualityTools.Tips.UnitTest.Adapter, Version=10.0.0.0, Culture=neutral, PublicKeyToken=b03f5f7f11d50a3a" className="UnitTests.DataServiceUnitTests, UnitTests, Version=1.0.0.0, Culture=neutral, PublicKeyToken=null" name="RetrievesCorrectData" />
    </UnitTest>
  </TestDefinitions>
  <TestLists>
    <TestList name="Results Not in a List" id="8c84fa94-04c1-424b-9868-57a2d4851a1d" />
    <TestList name="All Loaded Results" id="19431567-8539-422a-85d7-44ee4e166bda" />
  </TestLists>
  <TestEntries>
    <TestEntry testId="1d8b0978-c318-ebe0-63bf-61f97e4cb41d" executionId="98901418-adda-45da-9847-b859ad74d2e3" testListId="8c84fa94-04c1-424b-9868-57a2d4851a1d" />
  </TestEntries>
  <Results>
    <UnitTestResult executionId="98901418-adda-45da-9847-b859ad74d2e3" testId="1d8b0978-c318-ebe0-63bf-61f97e4cb41d" testName="RetrievesCorrectData" computerName="WIN7" duration="00:00:00.1234470" startTime="2013-02-01T08:43:08.2983557-08:00" endTime="2013-02-01T08:43:09.5786213-08:00" testType="13cdc9d9-ddb5-4fa4-a97d-d965ccfc6d4b" outcome="Passed" testListId="8c84fa94-04c1-424b-9868-57a2d4851a1d" relativeResultsDirectory="98901418-adda-45da-9847-b859ad74d2e3">
    </UnitTestResult>
  </Results>
</TestRun>